current directory: /Users/ericebbesen/projects/alexa-snomer-ruby/vendor/bundle/ruby/3.4.0/gems/json-2.19.5/ext/json/ext/parser
/Users/ericebbesen/.rbenv/versions/3.4.2/bin/ruby extconf.rb
checking for rb_enc_interned_str() in ruby/encoding.h... yes
checking for rb_str_to_interned_str() in ruby.h... yes
checking for rb_hash_new_capa() in ruby.h... yes
checking for rb_hash_bulk_insert() in ruby.h... yes
checking for RUBY_TYPED_EMBEDDABLE in ruby.h... yes
checking for whether -std=c99 is accepted as CFLAGS... yes
checking for arm_neon.h... yes
checking for cpuid.h... no
creating Makefile

current directory: /Users/ericebbesen/projects/alexa-snomer-ruby/vendor/bundle/ruby/3.4.0/gems/json-2.19.5/ext/json/ext/parser
make DESTDIR\= sitearchdir\=./.gem.20260505-5527-93tuht sitelibdir\=./.gem.20260505-5527-93tuht clean

current directory: /Users/ericebbesen/projects/alexa-snomer-ruby/vendor/bundle/ruby/3.4.0/gems/json-2.19.5/ext/json/ext/parser
make DESTDIR\= sitearchdir\=./.gem.20260505-5527-93tuht sitelibdir\=./.gem.20260505-5527-93tuht
compiling parser.c
linking shared-object json/ext/parser.bundle

current directory: /Users/ericebbesen/projects/alexa-snomer-ruby/vendor/bundle/ruby/3.4.0/gems/json-2.19.5/ext/json/ext/parser
make DESTDIR\= sitearchdir\=./.gem.20260505-5527-93tuht sitelibdir\=./.gem.20260505-5527-93tuht install
/usr/bin/install -c -m 0755 parser.bundle ./.gem.20260505-5527-93tuht/json/ext

current directory: /Users/ericebbesen/projects/alexa-snomer-ruby/vendor/bundle/ruby/3.4.0/gems/json-2.19.5/ext/json/ext/parser
make DESTDIR\= sitearchdir\=./.gem.20260505-5527-93tuht sitelibdir\=./.gem.20260505-5527-93tuht clean
